[   12253ms] [WARNING] [GPT] PubAdsService.isInitialLoadDisabled is deprecated, use googletag.getConfig('disableInitialLoad') instead.
https://goo.gle/gpt-message#200 @ https://ciyeq4kf8sbm9mxck.ay.delivery/client-v2.js:6
[   13043ms] [LOG] Confiant native init @ https://cdn.confiant-integrations.net/gptprebidnative/202607011536/wrap.js:120
[   15201ms] [WARNING] fun-hooks: referenced 'registerAdserver' but it was never created @ https://live.primis.tech/content/prebid/prebidVid.10.23.22.min.js:10
[   15585ms] [WARNING] [GPT] Slot.setTargeting is deprecated, use Slot.setConfig({targeting: ...}) instead.
https://goo.gle/gpt-message#171 @ https://ciyeq4kf8sbm9mxck.ay.delivery/client-v2.js:6
[   17289ms] [ERROR] Failed to load resource: net::ERR_NAME_NOT_RESOLVED @ https://rt.marphezis.com/hb:0
[   17300ms] [ERROR] Failed to load resource: net::ERR_NAME_NOT_RESOLVED @ https://rt.marphezis.com/prebid/error:0
[   17524ms] [ERROR] Failed to load resource: net::ERR_NAME_NOT_RESOLVED @ https://rt.marphezis.com/hb:0
[   17530ms] [ERROR] Failed to load resource: net::ERR_NAME_NOT_RESOLVED @ https://rt.marphezis.com/prebid/error:0
[   21785ms] [ERROR] Failed to load resource: net::ERR_CONNECTION_CLOSED @ https://ap.lijit.com/rtb/bid?src=prebid_prebid_11.17.0:0
[   21787ms] [ERROR] Failed to load resource: net::ERR_CONNECTION_CLOSED @ https://ap.lijit.com/rtb/bid?src=prebid_prebid_11.17.0:0
[   23703ms] [ERROR] Failed to load resource: net::ERR_SOCKET_NOT_CONNECTED @ https://csync.loopme.me/?pubid=11280&gdpr=0&gdpr_consent=&gpp_consent=&gpp_sid=&redirect=https%3A%2F%2Flive.primis.tech%2Flive%2FliveCS.php%3Fsource%3Dexternal%26advId%3D93%26advUuid%3D%7Bviewer_token%7D:0
[   27823ms] [ERROR] Failed to load resource: net::ERR_SOCKET_NOT_CONNECTED @ https://match.sharethrough.com/FGMrCMMc/v1?redirectUri=https%3A%2F%2Fsync.sparteo.com%2Fsetuid%3Fpslabel%3Dnull%26bidder%3Dsharethrough%26gdpr%3D0%26gdpr_consent%3D%26us_privacy%3D1---%26gpp%3D%26gpp_sid%3D%26f%3Di%26uid%3D%24UID&gdpr=0&gdpr_consent=&us_privacy=1---:0
[   28136ms] [ERROR] Failed to load resource: net::ERR_CONNECTION_CLOSED @ https://sync.1rx.io/usersync2/rmpssp?sub=primis&gdpr=0&gdpr_consent=&gpp_consent=&gpp_sid=:0
[   28271ms] [ERROR] Failed to load resource: net::ERR_CONNECTION_CLOSED @ https://sync.1rx.io/usersync2/rmphb?gdpr=0&gdpr_consent=&us_privacy=1---&redir=https%3A%2F%2Fsync.sparteo.com%2Fsetuid%3Fpslabel%3Dnull%26bidder%3Dunruly%26gdpr%3D0%26gdpr_consent%3D%26us_privacy%3D1---%26gpp%3D%26gpp_sid%3D%26f%3Di%26uid%3D%5BRX_UUID%5D:0
[   34225ms] [ERROR] Failed to load resource: net::ERR_CONNECTION_CLOSED @ https://node.pbstck.com/openrtb2/auction?siteId=256c4d62-52f8-4ee5-98b6-d63b2394177d:0
[   36243ms] [ERROR] Failed to load resource: net::ERR_NAME_NOT_RESOLVED @ https://dps.jp.cinarra.com/pxd?PLATFORM_ID=1&USER_ID=b2e689a1-1342-8a3d-c01e-1d7a2303b5db:0
[   36301ms] [ERROR] Failed to load resource: net::ERR_CONNECTION_RESET @ https://ad.turn.com/r/cs?pid=75&us_privacy=&gdpr=&gdpr_consent=:0
[   38386ms] [ERROR] Failed to load resource: net::ERR_CONNECTION_REFUSED @ https://cs.nex8.net/cs/openx:0
[   41904ms] [ERROR] Failed to load resource: net::ERR_CONNECTION_CLOSED @ https://dis.criteo.com/dis/usersync.aspx?r=3&p=4&cp=pubmaticUS&cu=1&gdpr=0&gdpr_consent=&us_privacy=&gpp=&gpp_sid=&url=https%3A%2F%2Fsimage4.pubmatic.com%2FAdServer%2FSPug%3FpartnerID%3D173010%26test%3Dctest%26partnerUID%3Duid%3A%40%40CRITEO_USERID%40%40:0
[   42059ms] [ERROR] Failed to load resource: net::ERR_SOCKET_NOT_CONNECTED @ https://match.sharethrough.com/universal/v1?supply_id=a6a34444&gdpr=0&gdpr_consent=&us_privacy=&cb=https%3A%2F%2Fsea1-sync.a-mo.net%2Fsetuid%3Fbidder%3Dsharethrough%26A%3D6d425280-625d-4a2b-bedd-5802706a0a1a%26uid%3D:0
[   42200ms] [ERROR] Failed to load resource: net::ERR_SOCKET_NOT_CONNECTED @ https://bh.contextweb.com/bh/rtset?pid=558511&ev=1&rurl=https%3A%2F%2Fce.lijit.com/merge?pid=49&3pid=%%VGUID%%&gdpr=0&gdpr_consent=:0
[   42208ms] [ERROR] Failed to load resource: net::ERR_SOCKET_NOT_CONNECTED @ https://s.amazon-adsystem.com/x/ae12848777b41970a5f2?gdpr=0&gdpr_consent=:0
[   42239ms] [ERROR] Failed to load resource: net::ERR_CONNECTION_CLOSED @ https://dis.criteo.com/dis/usersync.aspx?r=44&p=75&cp=triplelift&cu=1&gdpr=0&gdpr_consent=&us_privacy=1---&gpp=&gpp_sid=&url=https%3A%2F%2Feb2.3lift.com%2Fxuid%3Fmid%3D2711%26xuid%3D%40%40CRITEO_USERID%40%40%26dongle%3D013b:0
[   42258ms] [ERROR] Failed to load resource: net::ERR_SOCKET_NOT_CONNECTED @ https://sync.1rx.io/usersync2/rmphb?gdpr=0&gdpr_consent=&us_privacy=&redir=https%3A%2F%2Fpbs-eu-central.ay.delivery%2Fsetuid%3Fbidder%3Dunruly%26gdpr%3D0%26gdpr_consent%3D%26gpp%3D%26gpp_sid%3D%26f%3Di%26uid%3D%5BRX_UUID%5D:0
[   42263ms] [ERROR] Failed to load resource: net::ERR_SOCKET_NOT_CONNECTED @ https://ap.lijit.com/rtb/bid?src=prebid_prebid_11.17.0:0
[   42265ms] [ERROR] Failed to load resource: net::ERR_CONNECTION_CLOSED @ https://sync.srv.stackadapt.com/sync?nid=20&gdpr=0&gdpr_consent=&gpp=&gpp_sid=:0
[   42265ms] [ERROR] Failed to load resource: net::ERR_CONNECTION_CLOSED @ https://sync.srv.stackadapt.com/sync?nid=114&gdpr=0&gdpr_consent=&gpp=&gpp_sid=:0
[   42265ms] [ERROR] Failed to load resource: net::ERR_CONNECTION_CLOSED @ https://sync.srv.stackadapt.com/sync?nid=13&gdpr=0&gdpr_consent=&gpp=&gpp_sid=:0
[   42276ms] [ERROR] Failed to load resource: net::ERR_SOCKET_NOT_CONNECTED @ https://s.amazon-adsystem.com/dcm?pid=50cd21b7-d8d7-4615-9fb9-a2be831f8488&id=&gdpr=0:0
[   42266ms] [ERROR] Failed to load resource: net::ERR_SOCKET_NOT_CONNECTED @ https://ap.lijit.com/rtb/bid?src=prebid_prebid_11.17.0:0
[   42511ms] [ERROR] Failed to load resource: net::ERR_CONNECTION_RESET @ https://csync.loopme.me/?pubid=11227&gdpr=0&gdpr_consent=&redirect=https%3A%2F%2Fssp.api.tappx.com%2Fcs%2Fusync%3Fidmn%3D109%26type%3Diframe%26id%3D%7Bdevice_id%7D%26auxuid%3D:0
[   41904ms] [ERROR] Failed to load resource: net::ERR_CONNECTION_CLOSED @ https://dis.criteo.com/dis/usersync.aspx?r=3&p=4&cp=pubmaticUS&cu=1&gdpr=0&gdpr_consent=&us_privacy=&gpp=&gpp_sid=&url=https%3A%2F%2Fsimage4.pubmatic.com%2FAdServer%2FSPug%3FpartnerID%3D173010%26test%3Dctest%26partnerUID%3Duid%3A%40%40CRITEO_USERID%40%40:0
[   42059ms] [ERROR] Failed to load resource: net::ERR_SOCKET_NOT_CONNECTED @ https://match.sharethrough.com/universal/v1?supply_id=a6a34444&gdpr=0&gdpr_consent=&us_privacy=&cb=https%3A%2F%2Fsea1-sync.a-mo.net%2Fsetuid%3Fbidder%3Dsharethrough%26A%3D6d425280-625d-4a2b-bedd-5802706a0a1a%26uid%3D:0
[   36301ms] [ERROR] Failed to load resource: net::ERR_CONNECTION_RESET @ https://ad.turn.com/r/cs?pid=75&us_privacy=&gdpr=&gdpr_consent=:0
[   42200ms] [ERROR] Failed to load resource: net::ERR_SOCKET_NOT_CONNECTED @ https://bh.contextweb.com/bh/rtset?pid=558511&ev=1&rurl=https%3A%2F%2Fce.lijit.com/merge?pid=49&3pid=%%VGUID%%&gdpr=0&gdpr_consent=:0
[   42208ms] [ERROR] Failed to load resource: net::ERR_SOCKET_NOT_CONNECTED @ https://s.amazon-adsystem.com/x/ae12848777b41970a5f2?gdpr=0&gdpr_consent=:0
[   27823ms] [ERROR] Failed to load resource: net::ERR_SOCKET_NOT_CONNECTED @ https://match.sharethrough.com/FGMrCMMc/v1?redirectUri=https%3A%2F%2Fsync.sparteo.com%2Fsetuid%3Fpslabel%3Dnull%26bidder%3Dsharethrough%26gdpr%3D0%26gdpr_consent%3D%26us_privacy%3D1---%26gpp%3D%26gpp_sid%3D%26f%3Di%26uid%3D%24UID&gdpr=0&gdpr_consent=&us_privacy=1---:0
[   28271ms] [ERROR] Failed to load resource: net::ERR_CONNECTION_CLOSED @ https://sync.1rx.io/usersync2/rmphb?gdpr=0&gdpr_consent=&us_privacy=1---&redir=https%3A%2F%2Fsync.sparteo.com%2Fsetuid%3Fpslabel%3Dnull%26bidder%3Dunruly%26gdpr%3D0%26gdpr_consent%3D%26us_privacy%3D1---%26gpp%3D%26gpp_sid%3D%26f%3Di%26uid%3D%5BRX_UUID%5D:0
[   42276ms] [ERROR] Failed to load resource: net::ERR_SOCKET_NOT_CONNECTED @ https://s.amazon-adsystem.com/dcm?pid=50cd21b7-d8d7-4615-9fb9-a2be831f8488&id=&gdpr=0:0
[   42200ms] [ERROR] Failed to load resource: net::ERR_SOCKET_NOT_CONNECTED @ https://bh.contextweb.com/bh/rtset?pid=558511&ev=1&rurl=https%3A%2F%2Fce.lijit.com/merge?pid=49&3pid=%%VGUID%%&gdpr=0&gdpr_consent=:0
[   42208ms] [ERROR] Failed to load resource: net::ERR_SOCKET_NOT_CONNECTED @ https://s.amazon-adsystem.com/x/ae12848777b41970a5f2?gdpr=0&gdpr_consent=:0
[   41904ms] [ERROR] Failed to load resource: net::ERR_CONNECTION_CLOSED @ https://dis.criteo.com/dis/usersync.aspx?r=3&p=4&cp=pubmaticUS&cu=1&gdpr=0&gdpr_consent=&us_privacy=&gpp=&gpp_sid=&url=https%3A%2F%2Fsimage4.pubmatic.com%2FAdServer%2FSPug%3FpartnerID%3D173010%26test%3Dctest%26partnerUID%3Duid%3A%40%40CRITEO_USERID%40%40:0
[   42239ms] [ERROR] Failed to load resource: net::ERR_CONNECTION_CLOSED @ https://dis.criteo.com/dis/usersync.aspx?r=44&p=75&cp=triplelift&cu=1&gdpr=0&gdpr_consent=&us_privacy=1---&gpp=&gpp_sid=&url=https%3A%2F%2Feb2.3lift.com%2Fxuid%3Fmid%3D2711%26xuid%3D%40%40CRITEO_USERID%40%40%26dongle%3D013b:0
[   42265ms] [ERROR] Failed to load resource: net::ERR_CONNECTION_CLOSED @ https://sync.srv.stackadapt.com/sync?nid=20&gdpr=0&gdpr_consent=&gpp=&gpp_sid=:0
[   42265ms] [ERROR] Failed to load resource: net::ERR_CONNECTION_CLOSED @ https://sync.srv.stackadapt.com/sync?nid=114&gdpr=0&gdpr_consent=&gpp=&gpp_sid=:0
[   42265ms] [ERROR] Failed to load resource: net::ERR_CONNECTION_CLOSED @ https://sync.srv.stackadapt.com/sync?nid=13&gdpr=0&gdpr_consent=&gpp=&gpp_sid=:0
[   42276ms] [ERROR] Failed to load resource: net::ERR_SOCKET_NOT_CONNECTED @ https://s.amazon-adsystem.com/dcm?pid=50cd21b7-d8d7-4615-9fb9-a2be831f8488&id=&gdpr=0:0
[   48547ms] [ERROR] Failed to load resource: the server responded with a status of 400 () @ https://eb2.3lift.com/getuid?gdpr=0&redir=https%3A%2F%2Fsync.missena.io%2Ftriplelift%2F%24UID:0
[   42276ms] [ERROR] Failed to load resource: net::ERR_SOCKET_NOT_CONNECTED @ https://s.amazon-adsystem.com/dcm?pid=50cd21b7-d8d7-4615-9fb9-a2be831f8488&id=&gdpr=0:0
[   48843ms] [ERROR] Failed to load resource: net::ERR_SOCKET_NOT_CONNECTED @ https://ap.lijit.com/pixel?gdpr=0&us_privacy=1---&redir=https%3A%2F%2Fsea1-sync.a-mo.net%2Fcchain%2F1%2F40%3Fgdpr%3D0%26gdpr_consent%3D%26A%3D6d425280-625d-4a2b-bedd-5802706a0a1a%26bidder%3Dsovrn%26cbx%3DaHR0cHM6Ly9saXZlLnByaW1pcy50ZWNoL2xpdmUvbGl2ZUNTLnBocD9zb3VyY2U9ZXh0ZXJuYWwmYWR2SWQ9MTU2L3NldHVpZD91aWQ9%26uid%3D%24UID:0
[   52574ms] [ERROR] %cSPARTEO SYNC%c14:42:4.296 display: inline-block; color: #fff; background: #5E6472; padding: 1px 4px; border-radius: 3px; display: inline-block; color: #000; background: #eee; padding: 1px 4px; border-radius: 3px; ERROR| Backend error, ERR02 @ https://sync.sparteo.com/crossfire.js:0
[   52574ms] [ERROR] %cSPARTEO SYNC%c14:42:4.297 display: inline-block; color: #fff; background: #5E6472; padding: 1px 4px; border-radius: 3px; display: inline-block; color: #000; background: #eee; padding: 1px 4px; border-radius: 3px; ERROR| Backend error, ERR01 @ https://sync.sparteo.com/crossfire.js:0
[   54849ms] [ERROR] Failed to load resource: net::ERR_SOCKET_NOT_CONNECTED @ https://sync.1rx.io/usersync/turn/6955179995928300757?dspret=1&gdpr=&gdpr_consent=&us_privacy=:0
[   55043ms] [ERROR] Failed to load resource: net::ERR_CONNECTION_CLOSED @ https://hb.trustedstack.com/cksync.php?cs=103&type=wr&gdpr=0&gdpr_consent=null&&redirect=https%3A%2F%2Fsync.adkernel.com%2Fuser-sync%3Fzone%3D308936%26dsp%3D1206259%26t%3Dimage%26uid%3D%3Cvsid%3E:0
[   54924ms] [ERROR] Failed to load resource: net::ERR_NAME_NOT_RESOLVED @ https://rt.marphezis.com/hb:0
[   54927ms] [ERROR] Failed to load resource: net::ERR_NAME_NOT_RESOLVED @ https://rt.marphezis.com/hb:0
[   55363ms] [ERROR] Failed to load resource: net::ERR_NAME_NOT_RESOLVED @ https://rt.marphezis.com/prebid/error:0
[   55368ms] [ERROR] Failed to load resource: net::ERR_NAME_NOT_RESOLVED @ https://rt.marphezis.com/prebid/error:0
[   55346ms] [ERROR] Failed to load resource: net::ERR_SOCKET_NOT_CONNECTED @ https://sync.1rx.io/usersync2/rmpssp?sub=onetaglimited&gdpr=0&gdpr_consent=${GDPR_CONSENT}&us_privacy={{US_PRIVACY}}:0
[   55346ms] [ERROR] Failed to load resource: net::ERR_SOCKET_NOT_CONNECTED @ https://sync.1rx.io/usersync2/rmpssp?sub=onetaglimited&gdpr=0&gdpr_consent=${GDPR_CONSENT}&us_privacy=:0
[   42059ms] [ERROR] Failed to load resource: net::ERR_SOCKET_NOT_CONNECTED @ https://match.sharethrough.com/universal/v1?supply_id=a6a34444&gdpr=0&gdpr_consent=&us_privacy=&cb=https%3A%2F%2Fsea1-sync.a-mo.net%2Fsetuid%3Fbidder%3Dsharethrough%26A%3D6d425280-625d-4a2b-bedd-5802706a0a1a%26uid%3D:0
[   55081ms] [ERROR] Failed to load resource: the server responded with a status of 403 () @ chrome-error://chromewebdata/:0
[   55470ms] [ERROR] Refused to display 'https://csync-apac.smilewanted.com/' in a frame because it set 'X-Frame-Options' to 'sameorigin'. @ chrome-error://chromewebdata/:0
[   42511ms] [ERROR] Failed to load resource: net::ERR_CONNECTION_RESET @ https://csync.loopme.me/?pubid=11227&gdpr=0&gdpr_consent=&redirect=https%3A%2F%2Fssp.api.tappx.com%2Fcs%2Fusync%3Fidmn%3D109%26type%3Diframe%26id%3D%7Bdevice_id%7D%26auxuid%3D:0
[   54849ms] [ERROR] Failed to load resource: net::ERR_SOCKET_NOT_CONNECTED @ https://sync.1rx.io/usersync/turn/6955179995928300757?dspret=1&gdpr=&gdpr_consent=&us_privacy=:0
[   42276ms] [ERROR] Failed to load resource: net::ERR_SOCKET_NOT_CONNECTED @ https://s.amazon-adsystem.com/dcm?pid=50cd21b7-d8d7-4615-9fb9-a2be831f8488&id=&gdpr=0:0
[   42276ms] [ERROR] Failed to load resource: net::ERR_SOCKET_NOT_CONNECTED @ https://s.amazon-adsystem.com/dcm?pid=50cd21b7-d8d7-4615-9fb9-a2be831f8488&id=&gdpr=0:0
[   55346ms] [ERROR] Failed to load resource: net::ERR_SOCKET_NOT_CONNECTED @ https://sync.1rx.io/usersync2/rmpssp?sub=onetaglimited&gdpr=0&gdpr_consent=${GDPR_CONSENT}&us_privacy={{US_PRIVACY}}:0
[   55346ms] [ERROR] Failed to load resource: net::ERR_SOCKET_NOT_CONNECTED @ https://sync.1rx.io/usersync2/rmpssp?sub=onetaglimited&gdpr=0&gdpr_consent=${GDPR_CONSENT}&us_privacy=:0
[   60165ms] [ERROR] Failed to load resource: net::ERR_HTTP2_SERVER_REFUSED_STREAM @ https://cs.admanmedia.com/081735c92c4aa336da0b87ec328727ee.gif?redir=https%3A%2F%2Fssp.api.tappx.com%2Fcs%2Fusync%3Fidmn%3D231%26type%3Diframe%26id%3D%5BUID%5D%26auxuid%3D&gdpr=0&gdpr_consent=&ccpa={{CCPA}}&coppa={{COPPA}}:0
[   36243ms] [ERROR] Failed to load resource: net::ERR_NAME_NOT_RESOLVED @ https://dps.jp.cinarra.com/pxd?PLATFORM_ID=1&USER_ID=b2e689a1-1342-8a3d-c01e-1d7a2303b5db:0
[   38386ms] [ERROR] Failed to load resource: net::ERR_CONNECTION_REFUSED @ https://cs.nex8.net/cs/openx:0
[   42276ms] [ERROR] Failed to load resource: net::ERR_SOCKET_NOT_CONNECTED @ https://s.amazon-adsystem.com/dcm?pid=50cd21b7-d8d7-4615-9fb9-a2be831f8488&id=&gdpr=0:0
[   61015ms] [ERROR] Failed to load resource: the server responded with a status of 404 (Not Found) @ https://b1sync.zemanta.com/usersync/ogury/?gdpr=0&gdpr_consent=us_privacy=%7b%7bUS_PRIVACY%7d%7d&cb=https%3A%2F%2Fms-cookie-sync.presage.io%2Fuser-sync%3Foutbrain_id%3D__ZUID__:0
[   42059ms] [ERROR] Failed to load resource: net::ERR_SOCKET_NOT_CONNECTED @ https://match.sharethrough.com/universal/v1?supply_id=a6a34444&gdpr=0&gdpr_consent=&us_privacy=&cb=https%3A%2F%2Fsea1-sync.a-mo.net%2Fsetuid%3Fbidder%3Dsharethrough%26A%3D6d425280-625d-4a2b-bedd-5802706a0a1a%26uid%3D:0
[   42276ms] [ERROR] Failed to load resource: net::ERR_SOCKET_NOT_CONNECTED @ https://s.amazon-adsystem.com/dcm?pid=50cd21b7-d8d7-4615-9fb9-a2be831f8488&id=&gdpr=0:0
[   61377ms] [ERROR] Failed to load resource: net::ERR_HTTP2_SERVER_REFUSED_STREAM @ https://cs.admanmedia.com/73c1e1bfc3bde354d60b80e601ae3914.gif?puid=[UID]&redir=https%3A%2F%2Fonetag-sys.com%2Fmatch%2F%3Fint_id%3D164%26gdpr%3D0%26gdpr_consent%3D%26uid%3D%5BUID%5D&gdpr=0&gdpr_consent=&ccpa=&coppa=:0
[   61378ms] [ERROR] Failed to load resource: net::ERR_HTTP2_SERVER_REFUSED_STREAM @ https://cs.admanmedia.com/73c1e1bfc3bde354d60b80e601ae3914.gif?puid=[UID]&redir=https%3A%2F%2Fonetag-sys.com%2Fmatch%2F%3Fint_id%3D164%26gdpr%3D0%26gdpr_consent%3D%26uid%3D%5BUID%5D&gdpr=0&gdpr_consent=&ccpa={{US_PRIVACY}}&coppa=:0
[   61384ms] [ERROR] Failed to load resource: net::ERR_NAME_NOT_RESOLVED @ https://match.rundsp.com/redirect?ex=openx:0
[   61414ms] Failed to read a named property 'document' from 'Window': Blocked a frame with origin "https://d9dbd133250f2a5026bb2022b0526404.safeframe.googlesyndication.com" from accessing a frame with origin "https://context.reverso.net". Protocols, domains, and ports must match.
[   61415ms] Failed to read a named property 'document' from 'Window': Blocked a frame with origin "https://d9dbd133250f2a5026bb2022b0526404.safeframe.googlesyndication.com" from accessing a frame with origin "https://context.reverso.net". Protocols, domains, and ports must match.
[   61423ms] [TIMEEND] a: 0.006103515625 ms @ https://static.adsafeprotected.com/sca.17.6.4.js:31
[   42511ms] [ERROR] Failed to load resource: net::ERR_CONNECTION_RESET @ https://csync.loopme.me/?pubid=11227&gdpr=0&gdpr_consent=&redirect=https%3A%2F%2Fssp.api.tappx.com%2Fcs%2Fusync%3Fidmn%3D109%26type%3Diframe%26id%3D%7Bdevice_id%7D%26auxuid%3D:0
[   54849ms] [ERROR] Failed to load resource: net::ERR_SOCKET_NOT_CONNECTED @ https://sync.1rx.io/usersync/turn/6955179995928300757?dspret=1&gdpr=&gdpr_consent=&us_privacy=:0
[   60165ms] [ERROR] Failed to load resource: net::ERR_HTTP2_SERVER_REFUSED_STREAM @ https://cs.admanmedia.com/081735c92c4aa336da0b87ec328727ee.gif?redir=https%3A%2F%2Fssp.api.tappx.com%2Fcs%2Fusync%3Fidmn%3D231%26type%3Diframe%26id%3D%5BUID%5D%26auxuid%3D&gdpr=0&gdpr_consent=&ccpa={{CCPA}}&coppa={{COPPA}}:0
[   61864ms] [ERROR] Attestation check for Shared Storage on https://www.googleadservices.com failed. @ https://www.googleadservices.com/pagead/managed/js/activeview/current/reach_worklet.html:0
[   62064ms] [ERROR] Attestation check for Shared Storage on https://www.googleadservices.com failed. @ https://www.googleadservices.com/pagead/managed/js/activeview/current/reach_worklet.html:0
[   62099ms] [ERROR] Attestation check for Shared Storage on https://www.googleadservices.com failed. @ https://www.googleadservices.com/pagead/managed/js/activeview/current/reach_worklet.html:0
[   41904ms] [ERROR] Failed to load resource: net::ERR_CONNECTION_CLOSED @ https://dis.criteo.com/dis/usersync.aspx?r=3&p=4&cp=pubmaticUS&cu=1&gdpr=0&gdpr_consent=&us_privacy=&gpp=&gpp_sid=&url=https%3A%2F%2Fsimage4.pubmatic.com%2FAdServer%2FSPug%3FpartnerID%3D173010%26test%3Dctest%26partnerUID%3Duid%3A%40%40CRITEO_USERID%40%40:0
